../Driver/Src/STM32Lxx_LCD_Driver.c:52:6:LCD_init	24	static
../Driver/Src/STM32Lxx_LCD_Driver.c:97:6:LCD_sendCommand	16	static
../Driver/Src/STM32Lxx_LCD_Driver.c:105:6:LCD_sendData	16	static
../Driver/Src/STM32Lxx_LCD_Driver.c:113:6:LCD_displayClear	8	static
../Driver/Src/STM32Lxx_LCD_Driver.c:118:6:LCD_displayReturnHome	8	static
../Driver/Src/STM32Lxx_LCD_Driver.c:123:6:LCD_sendString	16	static
../Driver/Src/STM32Lxx_LCD_Driver.c:131:6:LCD_setCursur	16	static
../Driver/Src/STM32Lxx_LCD_Driver.c:135:13:LCD_enable	8	static
../Driver/Src/STM32Lxx_LCD_Driver.c:144:13:LCD_mdelay	24	static
../Driver/Src/STM32Lxx_LCD_Driver.c:149:13:LCD_udelay	24	static
../Driver/Src/STM32Lxx_LCD_Driver.c:153:13:LCD_write4Bits	16	static
