../Drivers/CMSIS/Include/core_cm4.h:1679:22:__NVIC_EnableIRQ	16	static,ignoring_inline_asm
../Drivers/CMSIS/Include/core_cm4.h:1809:22:__NVIC_SetPriority	16	static
../Core/Src/main.c:60:6:HAL_UART_TxcpltCallBack	16	static
../Core/Src/main.c:66:6:HAL_UART_RxcpltCallBack	16	static
../Core/Src/main.c:78:5:main	8	static
../Core/Src/main.c:124:6:SystemClock_Config	96	static
../Core/Src/main.c:174:13:MX_USART2_UART_Init	16	static
../Core/Src/main.c:210:13:MX_GPIO_Init	48	static
../Core/Src/main.c:252:6:Error_Handler	4	static,ignoring_inline_asm
