../Drivers/CMSIS/Include/core_cm4.h:1679:22:__NVIC_EnableIRQ	16	static,ignoring_inline_asm
../Drivers/CMSIS/Include/core_cm4.h:1809:22:__NVIC_SetPriority	16	static
../Core/Src/main.c:64:6:HAL_SPI_TxRxCpltCallback	16	static
../Core/Src/main.c:74:5:main	8	static
../Core/Src/main.c:122:6:SystemClock_Config	96	static
../Core/Src/main.c:172:13:MX_SPI1_Init	8	static
../Core/Src/main.c:214:13:MX_USART2_UART_Init	8	static
../Core/Src/main.c:249:13:MX_GPIO_Init	48	static
../Core/Src/main.c:281:6:Error_Handler	4	static,ignoring_inline_asm
