../Driver/Src/STM32Lxx_LCD_Driver.c:52:6:LCD_init	24	static
../Driver/Src/STM32Lxx_LCD_Driver.c:96:6:LCD_sendCommand	16	static
../Driver/Src/STM32Lxx_LCD_Driver.c:104:6:LCD_sendData	16	static
../Driver/Src/STM32Lxx_LCD_Driver.c:112:6:LCD_displayClear	8	static
../Driver/Src/STM32Lxx_LCD_Driver.c:117:6:LCD_displayReturnHome	8	static
../Driver/Src/STM32Lxx_LCD_Driver.c:122:6:LCD_sendString	16	static
../Driver/Src/STM32Lxx_LCD_Driver.c:130:6:LCD_setCursur	16	static
../Driver/Src/STM32Lxx_LCD_Driver.c:145:13:LCD_enable	8	static
../Driver/Src/STM32Lxx_LCD_Driver.c:154:13:LCD_mdelay	24	static
../Driver/Src/STM32Lxx_LCD_Driver.c:159:13:LCD_udelay	24	static
../Driver/Src/STM32Lxx_LCD_Driver.c:163:13:LCD_write4Bits	16	static
