../Driver/Src/STM32Lxx_LCD_Driver.c:53:6:LCD_init	24	static
../Driver/Src/STM32Lxx_LCD_Driver.c:97:6:LCD_sendCommand	16	static
../Driver/Src/STM32Lxx_LCD_Driver.c:105:6:LCD_sendData	16	static
../Driver/Src/STM32Lxx_LCD_Driver.c:113:6:LCD_displayClear	8	static
../Driver/Src/STM32Lxx_LCD_Driver.c:118:6:LCD_displayReturnHome	8	static
../Driver/Src/STM32Lxx_LCD_Driver.c:123:6:LCD_sendString	16	static
../Driver/Src/STM32Lxx_LCD_Driver.c:131:6:LCD_setCursur	16	static
../Driver/Src/STM32Lxx_LCD_Driver.c:146:13:LCD_enable	8	static
../Driver/Src/STM32Lxx_LCD_Driver.c:155:13:LCD_mdelay	24	static
../Driver/Src/STM32Lxx_LCD_Driver.c:160:13:LCD_udelay	24	static
../Driver/Src/STM32Lxx_LCD_Driver.c:164:13:LCD_write4Bits	16	static
