../Drivers/CMSIS/Include/core_cm4.h:1679:22:__NVIC_EnableIRQ	16	static,ignoring_inline_asm
../Drivers/CMSIS/Include/core_cm4.h:1809:22:__NVIC_SetPriority	16	static
../Core/Src/main.c:73:5:main	8	static
../Core/Src/main.c:121:6:SystemClock_Config	96	static
../Core/Src/main.c:171:13:MX_SPI1_Init	8	static
../Core/Src/main.c:213:13:MX_USART2_UART_Init	8	static
../Core/Src/main.c:246:13:MX_DMA_Init	16	static
../Core/Src/main.c:267:13:MX_GPIO_Init	48	static
../Core/Src/main.c:299:6:Error_Handler	4	static,ignoring_inline_asm
