../Drivers/CMSIS/Include/core_cm4.h:1679:22:__NVIC_EnableIRQ	16	static,ignoring_inline_asm
../Drivers/CMSIS/Include/core_cm4.h:1809:22:__NVIC_SetPriority	16	static
../Core/Src/main.c:64:5:__io_putchar	16	static
../Core/Src/main.c:69:6:DMA2_Stream0_IRQHandler	8	static
../Core/Src/main.c:74:6:HAL_ADC_ConvCpltCallback	16	static
../Core/Src/main.c:85:5:main	8	static
../Core/Src/main.c:135:6:SystemClock_Config	96	static
../Core/Src/main.c:185:13:MX_ADC1_Init	48	static
../Core/Src/main.c:256:13:MX_USART2_UART_Init	8	static
../Core/Src/main.c:289:13:MX_DMA_Init	16	static
../Core/Src/main.c:307:13:MX_GPIO_Init	48	static
../Core/Src/main.c:349:6:Error_Handler	4	static,ignoring_inline_asm
